              0

              1

              2

 f

 t

 f

 t

                      2

                     3

                    4

                    5

 Bill | t
 Null | f
 Sam  | f

 \x0200000005000000

     3

     8

 (5,10)

                1
                2
                3

 ("(1,2)",3)

